
 INFO Server running on [http://127.0.0.1:8000]. 

 Press Ctrl+C to stop the server

 2026-05-04 16:55:42 /admin/consultants .. ~ 4s
 127.0.0.1:55453 Invalid request (Unexpected EOF)
 2026-05-04 16:55:45 .. ~ 1.54ms
 2026-05-04 16:55:50 / .. ~ 1s
 2026-05-04 16:55:51 /favicon.svg .. ~ 8s
 2026-05-04 16:55:59 /favicon.svg .. ~ 0.81ms
 2026-05-04 16:55:59 /akbulut-emlak-logo-cropped.png .. ~ 0.98ms
 2026-05-04 16:56:00 /_boost/browser-logs .. ~ 1.08ms
 2026-05-04 16:56:00 /favicon.ico .. ~ 1.11ms
 2026-05-04 16:56:00 /akbulut-emlak-logo-cropped.png .. ~ 5.34ms
 2026-05-04 16:56:00 /favicon.ico .. ~ 0.80ms
 2026-05-04 16:56:00 /_boost/browser-logs .. ~ 0.44ms
 2026-05-04 16:56:09 /admin/consultants/8 .. ~ 513.94ms
 2026-05-04 16:56:10 /admin/consultants .. ~ 0.58ms
 2026-05-04 16:56:23 /admin/consultants/8 .. ~ 0.49ms
 2026-05-04 16:56:23 /admin/consultants .. ~ 0.21ms
 2026-05-04 16:56:27 /admin/consultants/8 .. ~ 0.50ms
 2026-05-04 16:56:27 /admin/consultants .. ~ 0.21ms
 2026-05-04 16:57:39 /admin/consultants .. ~ 502.42ms
 2026-05-04 16:57:39 /akbulut-emlak-logo-cropped.png .. ~ 505.28ms
 2026-05-04 16:57:40 /favicon.svg .. ~ 0.37ms
 2026-05-04 16:57:40 /_boost/browser-logs .. ~ 0.45ms
 2026-05-04 16:57:40 /favicon.ico .. ~ 0.34ms
 2026-05-04 16:57:59 /admin/consultants .. ~ 513.51ms
 2026-05-04 16:57:59 /akbulut-emlak-logo-cropped.png .. ~ 0.63ms
 2026-05-04 16:57:59 /favicon.svg .. ~ 0.50ms
 2026-05-04 16:57:59 /_boost/browser-logs .. ~ 0.34ms
 2026-05-04 16:57:59 /favicon.ico .. ~ 0.34ms
 2026-05-04 16:58:28 /danisman/eser-celik .. ~ 509.57ms
 2026-05-04 16:58:29 /akbulut-emlak-logo-cropped.png .. ~ 0.49ms
 2026-05-04 16:58:29 /storage/property-images/9/2RkgCfXKm475ETm6IUmKbQJIe3UrdbhYypptK7Ts.jpg .. ~ 0.50ms
 2026-05-04 16:58:29 /_boost/browser-logs .. ~ 0.34ms
 2026-05-04 16:58:33 /_boost/browser-logs .. ~ 519.08ms
 2026-05-04 16:58:33 /listings .. ~ 2s
 2026-05-04 16:58:35 /akbulut-emlak-logo-cropped.png .. ~ 507.91ms
 2026-05-04 16:58:30 /storage/property-images/9/2RkgCfXKm475ETm6IUmKbQJIe3UrdbhYypptK7Ts.jpg .. ~ 5s
 2026-05-04 16:58:35 /_boost/browser-logs .. ~ 0.73ms
 2026-05-04 16:58:44 /listings .. ~ 510.11ms
 2026-05-04 16:58:44 /akbulut-emlak-logo-cropped.png .. ~ 0.31ms
 2026-05-04 16:58:44 /_boost/browser-logs .. ~ 0.61ms
 2026-05-04 16:58:46 / .. ~ 509.20ms
 2026-05-04 16:58:47 /akbulut-emlak-logo-cropped.png .. ~ 0.36ms
 2026-05-04 16:58:47 /_boost/browser-logs .. ~ 1.03ms
 2026-05-04 16:58:52 /listings .. ~ 0.84ms
 2026-05-04 16:58:53 /akbulut-emlak-logo-cropped.png .. ~ 500.60ms
 2026-05-04 16:58:53 /_boost/browser-logs .. ~ 0.25ms
 2026-05-04 16:58:55 /_boost/browser-logs .. ~ 503.00ms
 2026-05-04 16:58:55 /admin/consultants .. ~ 30s
 2026-05-04 16:59:25 /akbulut-emlak-logo-cropped.png .. ~ 0.38ms
 2026-05-04 16:59:25 /favicon.svg .. ~ 321.28ms
 2026-05-04 16:59:25 /_boost/browser-logs .. ~ 0.38ms
 2026-05-04 16:59:25 /favicon.ico .. ~ 34.13ms
 2026-05-04 16:59:30 /admin/consultants .. ~ 32.92ms
 2026-05-04 16:59:30 /akbulut-emlak-logo-cropped.png .. ~ 0.45ms
 2026-05-04 16:59:31 /favicon.svg .. ~ 42.32ms
 2026-05-04 16:59:31 /_boost/browser-logs .. ~ 130.88ms
 2026-05-04 16:59:31 /favicon.ico .. ~ 164.24ms
 2026-05-04 16:59:49 /admin/consultants .. ~ 505.80ms
 2026-05-04 16:59:49 /akbulut-emlak-logo-cropped.png .. ~ 508.45ms
 2026-05-04 16:59:50 /_boost/browser-logs .. ~ 0.50ms
 2026-05-04 16:59:50 /favicon.svg .. ~ 0.31ms
 2026-05-04 16:59:50 /favicon.ico .. ~ 0.22ms
 2026-05-04 17:01:02 /admin/consultants .. ~ 501.15ms
 2026-05-04 17:01:02 /akbulut-emlak-logo-cropped.png .. ~ 502.50ms
 2026-05-04 17:01:03 /favicon.svg .. ~ 0.30ms
 2026-05-04 17:01:03 /_boost/browser-logs .. ~ 0.57ms
 2026-05-04 17:01:03 /favicon.ico .. ~ 0.40ms
 2026-05-04 17:01:49 /admin/consultants .. ~ 1s
 2026-05-04 17:01:50 / .. ~ 1s
 2026-05-04 17:01:51 /akbulut-emlak-logo-cropped.png .. ~ 0.62ms
 2026-05-04 17:01:51 /admin/consultants .. ~ 507.20ms
 2026-05-04 17:01:51 /akbulut-emlak-logo-cropped.png .. ~ 0.32ms
 2026-05-04 17:01:52 /favicon.svg .. ~ 3.47ms
 2026-05-04 17:01:52 /favicon.ico .. ~ 0.29ms
 2026-05-04 17:01:52 /akbulut-emlak-logo-cropped.png .. ~ 0.39ms
 2026-05-04 17:01:52 /_boost/browser-logs .. ~ 0.33ms
 2026-05-04 17:01:53 /favicon.svg .. ~ 0.85ms
 2026-05-04 17:01:53 /favicon.ico .. ~ 0.40ms
 2026-05-04 17:01:53 /_boost/browser-logs .. ~ 0.34ms
 2026-05-04 17:02:01 /admin/consultants/2/profile-photo .. ~ 0.51ms
 2026-05-04 17:02:01 /admin/consultants .. ~ 505.05ms
 2026-05-04 17:02:02 /admin/consultants/2/profile-photo .. ~ 0.52ms
 2026-05-04 17:02:02 /admin/consultants .. ~ 0.33ms
 2026-05-04 17:02:17 /admin/consultants/2/profile-photo .. ~ 1s
 2026-05-04 17:02:18 /admin/consultants .. ~ 0.23ms
 2026-05-04 17:02:18 /storage/profile-photos/2/7gIEjSm6TEvpPOUtHxw5GRdwMnqhTCE2kSwfLQ53.jpg .. ~ 17.73ms
 2026-05-04 17:02:24 / .. ~ 1s
 2026-05-04 17:02:25 /akbulut-emlak-logo-cropped.png .. ~ 0.37ms
 2026-05-04 17:02:25 /favicon.svg .. ~ 0.24ms
 2026-05-04 17:02:25 /_boost/browser-logs .. ~ 0.47ms
 2026-05-04 17:02:25 /favicon.ico .. ~ 0.30ms
 2026-05-04 17:02:28 / .. ~ 503.93ms
 2026-05-04 17:02:28 /akbulut-emlak-logo-cropped.png .. ~ 505.28ms
 2026-05-04 17:02:29 /favicon.svg .. ~ 0.27ms
 2026-05-04 17:02:29 /_boost/browser-logs .. ~ 0.22ms
 2026-05-04 17:02:29 /favicon.ico .. ~ 0.37ms
 2026-05-04 17:02:31 / .. ~ 509.57ms
 2026-05-04 17:02:31 /akbulut-emlak-logo-cropped.png .. ~ 0.47ms
 2026-05-04 17:02:32 /favicon.svg .. ~ 3.17ms
 2026-05-04 17:02:32 /favicon.ico .. ~ 0.56ms
 2026-05-04 17:02:33 /_boost/browser-logs .. ~ 0.40ms
 2026-05-04 17:02:37 /admin/consultants .. ~ 0.40ms
 2026-05-04 17:02:38 /admin/consultants .. ~ 0.57ms
 2026-05-04 17:02:38 /admin/listings .. ~ 0.29ms
 2026-05-04 17:02:18 /storage/property-images/9/2RkgCfXKm475ETm6IUmKbQJIe3UrdbhYypptK7Ts.jpg .. ~ 19s
 2026-05-04 17:02:39 /admin/consultants .. ~ 0.74ms
 2026-05-04 17:02:47 / .. ~ 513.50ms
 2026-05-04 17:02:47 /akbulut-emlak-logo-cropped.png .. ~ 516.43ms
 2026-05-04 17:02:48 /_boost/browser-logs .. ~ 1s
 2026-05-04 17:02:50 /favicon.svg .. ~ 0.45ms
 2026-05-04 17:02:50 /favicon.ico .. ~ 0.59ms
 2026-05-04 17:04:15 /contact .. ~ 1s
 2026-05-04 17:04:16 /akbulut-emlak-logo-cropped.png .. ~ 0.23ms
 2026-05-04 17:04:16 /_boost/browser-logs .. ~ 0.44ms
 2026-05-04 17:04:20 /_boost/browser-logs .. ~ 1.81ms
 2026-05-04 17:04:20 / .. ~ 56s
 2026-05-04 17:05:16 /akbulut-emlak-logo-cropped.png .. ~ 1.13ms
 2026-05-04 17:05:17 /favicon.svg .. ~ 0.59ms
 2026-05-04 17:05:17 /_boost/browser-logs .. ~ 0.37ms
 2026-05-04 17:05:17 /favicon.ico .. ~ 0.34ms
 2026-05-04 17:02:50 .. ~ 3m 4s
 2026-05-04 17:05:55 / .. ~ 1s
 2026-05-04 17:05:55 /admin/consultants .. ~ 1s
 2026-05-04 17:05:56 / .. ~ 1s
 2026-05-04 17:05:57 /_boost/browser-logs .. ~ 1s
 2026-05-04 17:05:57 /_boost/browser-logs .. ~ 0.47ms
 2026-05-04 17:05:57 /akbulut-emlak-logo-cropped.png .. ~ 0.27ms
 2026-05-04 17:05:58 /akbulut-emlak-logo-cropped.png .. ~ 0.42ms
 2026-05-04 17:05:57 /akbulut-emlak-logo-cropped.png .. ~ 13.57ms
 2026-05-04 17:05:58 /storage/profile-photos/2/7gIEjSm6TEvpPOUtHxw5GRdwMnqhTCE2kSwfLQ53.jpg .. ~ 0.52ms
 2026-05-04 17:05:58 /storage/profile-photos/2/7gIEjSm6TEvpPOUtHxw5GRdwMnqhTCE2kSwfLQ53.jpg .. ~ 0.40ms
 2026-05-04 17:05:58 /storage/profile-photos/2/7gIEjSm6TEvpPOUtHxw5GRdwMnqhTCE2kSwfLQ53.jpg .. ~ 2.52ms
 2026-05-04 17:06:00 /favicon.svg .. ~ 2.68ms
 2026-05-04 17:06:00 /favicon.ico .. ~ 0.88ms
 2026-05-04 17:06:00 /favicon.svg .. ~ 0.48ms
 2026-05-04 17:06:00 /favicon.ico .. ~ 0.42ms
 2026-05-04 17:06:00 /_boost/browser-logs .. ~ 0.30ms
 2026-05-04 17:06:00 /_boost/browser-logs .. ~ 1.60ms
 2026-05-04 17:05:59 /_boost/browser-logs .. ~ 1s
 2026-05-04 17:06:01 /favicon.svg .. ~ 0.60ms
 2026-05-04 17:06:01 /favicon.ico .. ~ 0.53ms
 2026-05-04 17:05:58 .. ~ 1m 37s
 2026-05-04 17:07:52 /admin/login .. ~ 502.13ms
 2026-05-04 17:07:52 /dashboard .. ~ 1s
 2026-05-04 17:07:54 /akbulut-emlak-logo-cropped.png .. ~ 0.31ms
 2026-05-04 17:07:54 /storage/property-images/9/2RkgCfXKm475ETm6IUmKbQJIe3UrdbhYypptK7Ts.jpg .. ~ 0.49ms
 2026-05-04 17:07:55 /_boost/browser-logs .. ~ 0.33ms
 2026-05-04 17:07:56 /admin/consultants .. ~ 0.42ms
 2026-05-04 17:07:55 /storage/profile-photos/2/7gIEjSm6TEvpPOUtHxw5GRdwMnqhTCE2kSwfLQ53.jpg .. ~ 1s
 2026-05-04 17:08:51 /admin/consultants .. ~ 2s
 2026-05-04 17:06:01 .. ~ 2m 52s
 2026-05-04 17:08:54 / .. ~ 5s
 2026-05-04 17:08:54 /admin/consultants .. ~ 5s
 2026-05-04 17:08:59 / .. ~ 513.10ms
 2026-05-04 17:08:59 /akbulut-emlak-logo-cropped.png .. ~ 517.01ms
 2026-05-04 17:08:59 /_boost/browser-logs .. ~ 520.55ms
 2026-05-04 17:08:59 /storage/profile-photos/2/7gIEjSm6TEvpPOUtHxw5GRdwMnqhTCE2kSwfLQ53.jpg .. ~ 529.69ms
 2026-05-04 17:08:54 /akbulut-emlak-logo-cropped.png .. ~ 6s
 2026-05-04 17:09:00 /akbulut-emlak-logo-cropped.png .. ~ 7.61ms
 2026-05-04 17:09:00 /favicon.svg .. ~ 16.90ms
 2026-05-04 17:09:00 /favicon.ico .. ~ 0.32ms
 2026-05-04 17:08:59 /storage/profile-photos/2/7gIEjSm6TEvpPOUtHxw5GRdwMnqhTCE2kSwfLQ53.jpg .. ~ 556.67ms
 2026-05-04 17:09:01 /_boost/browser-logs .. ~ 3.16ms
 2026-05-04 17:09:01 /favicon.svg .. ~ 0.37ms
 2026-05-04 17:08:59 /storage/profile-photos/2/7gIEjSm6TEvpPOUtHxw5GRdwMnqhTCE2kSwfLQ53.jpg .. ~ 3s
 2026-05-04 17:09:02 /favicon.ico .. ~ 0.40ms
 2026-05-04 17:09:02 /_boost/browser-logs .. ~ 0.90ms
 2026-05-04 17:09:03 /favicon.svg .. ~ 0.40ms
 2026-05-04 17:09:03 /favicon.ico .. ~ 0.21ms
 2026-05-04 17:09:15 / .. ~ 514.97ms
 2026-05-04 17:09:15 /akbulut-emlak-logo-cropped.png .. ~ 0.55ms
 2026-05-04 17:09:16 /storage/profile-photos/2/7gIEjSm6TEvpPOUtHxw5GRdwMnqhTCE2kSwfLQ53.jpg .. ~ 3.16ms
 2026-05-04 17:09:16 /_boost/browser-logs .. ~ 0.28ms
 2026-05-04 17:09:16 /favicon.svg .. ~ 0.51ms
 2026-05-04 17:09:16 /favicon.ico .. ~ 0.25ms
 2026-05-04 17:09:19 /danisman/bunyamin-eren-ertekin .. ~ 0.50ms
 2026-05-04 17:09:19 /akbulut-emlak-logo-cropped.png .. ~ 0.39ms
 2026-05-04 17:09:20 /_boost/browser-logs .. ~ 39.88ms
 2026-05-04 17:09:21 /_boost/browser-logs .. ~ 517.45ms
 2026-05-04 17:09:21 /admin/settings .. ~ 24s
 2026-05-04 17:09:16 .. ~ 1m 22s
 2026-05-04 17:10:39 / .. ~ 498.78ms
 2026-05-04 17:10:39 /akbulut-emlak-logo-cropped.png .. ~ 500.33ms
 2026-05-04 17:10:39 /storage/profile-photos/2/7gIEjSm6TEvpPOUtHxw5GRdwMnqhTCE2kSwfLQ53.jpg .. ~ 0.24ms
 2026-05-04 17:10:40 /favicon.svg .. ~ 0.40ms
 2026-05-04 17:10:40 /_boost/browser-logs .. ~ 0.26ms
 2026-05-04 17:10:40 /favicon.ico .. ~ 0.26ms
 2026-05-04 17:10:43 /listings/izmir-alsancak-ticari-ofis .. ~ 501.54ms
 2026-05-04 17:10:43 /favicon.ico .. ~ 502.75ms
 2026-05-04 17:10:45 /_boost/browser-logs .. ~ 501.52ms
 2026-05-04 17:10:45 /listings .. ~ 3s
 2026-05-04 17:10:49 /akbulut-emlak-logo-cropped.png .. ~ 0.36ms
 2026-05-04 17:10:40 /storage/property-images/9/2RkgCfXKm475ETm6IUmKbQJIe3UrdbhYypptK7Ts.jpg .. ~ 8s
 2026-05-04 17:10:49 /_boost/browser-logs .. ~ 0.94ms
 2026-05-04 17:10:53 /_boost/browser-logs .. ~ 511.36ms
 2026-05-04 17:10:53 .. ~ 1m 19s
 2026-05-04 17:09:03 .. ~ 3m 8s
 2026-05-04 17:12:13 / .. ~ 6s
 2026-05-04 17:12:19 /admin/settings .. ~ 505.15ms
 2026-05-04 17:12:19 / .. ~ 1s
 2026-05-04 17:12:20 / .. ~ 1s
 2026-05-04 17:12:21 /admin/settings .. ~ 0.74ms
 2026-05-04 17:12:21 /akbulut-emlak-logo-cropped.png .. ~ 3.11ms
 2026-05-04 17:12:21 /storage/profile-photos/2/7gIEjSm6TEvpPOUtHxw5GRdwMnqhTCE2kSwfLQ53.jpg .. ~ 3.28ms
 2026-05-04 17:12:20 /akbulut-emlak-logo-cropped.png .. ~ 1s
 2026-05-04 17:12:22 /favicon.svg .. ~ 0.23ms
 2026-05-04 17:12:22 /_boost/browser-logs .. ~ 0.45ms
 2026-05-04 17:12:22 /favicon.ico .. ~ 0.41ms
 2026-05-04 17:12:22 /akbulut-emlak-logo-cropped.png .. ~ 1.16ms
 2026-05-04 17:12:23 /favicon.svg .. ~ 2.53ms
 2026-05-04 17:12:23 /favicon.ico .. ~ 0.67ms
 2026-05-04 17:12:23 /storage/profile-photos/2/7gIEjSm6TEvpPOUtHxw5GRdwMnqhTCE2kSwfLQ53.jpg .. ~ 0.44ms
 2026-05-04 17:12:24 /favicon.svg .. ~ 0.78ms
 2026-05-04 17:12:24 /_boost/browser-logs .. ~ 0.31ms
 2026-05-04 17:12:24 /favicon.ico .. ~ 0.58ms
 2026-05-04 17:12:24 /_boost/browser-logs .. ~ 0.30ms
 2026-05-04 17:12:46 /admin/login .. ~ 0.33ms
 2026-05-04 17:12:46 /dashboard .. ~ 509.49ms
 2026-05-04 17:12:21 /storage/property-images/9/2RkgCfXKm475ETm6IUmKbQJIe3UrdbhYypptK7Ts.jpg .. ~ 24s
 2026-05-04 17:12:46 /akbulut-emlak-logo-cropped.png .. ~ 2.97ms
 2026-05-04 17:12:47 /_boost/browser-logs .. ~ 0.42ms
 2026-05-04 17:12:47 /admin/settings .. ~ 516.44ms
 2026-05-04 17:13:35 / .. ~ 1s
 2026-05-04 17:13:35 /akbulut-emlak-logo-cropped.png .. ~ 0.41ms
 2026-05-04 17:13:36 /storage/profile-photos/2/7gIEjSm6TEvpPOUtHxw5GRdwMnqhTCE2kSwfLQ53.jpg .. ~ 0.28ms
 2026-05-04 17:12:24 .. ~ 1m 11s
 2026-05-04 17:13:36 .. ~ 2.58ms
 2026-05-04 17:13:36 /_boost/browser-logs .. ~ 0.40ms
 2026-05-04 17:15:51 / .. ~ 525.50ms
 2026-05-04 17:15:51 /akbulut-emlak-logo-cropped.png .. ~ 1s
 2026-05-04 17:15:52 /storage/profile-photos/2/7gIEjSm6TEvpPOUtHxw5GRdwMnqhTCE2kSwfLQ53.jpg .. ~ 0.87ms
 2026-05-04 17:15:52 /favicon.svg .. ~ 0.42ms
 2026-05-04 17:15:53 /_boost/browser-logs .. ~ 0.55ms
 2026-05-04 17:15:53 /favicon.ico .. ~ 0.36ms
 2026-05-04 17:15:57 /admin/consultants .. ~ 0.44ms
 2026-05-04 17:15:53 /storage/profile-photos/2/7gIEjSm6TEvpPOUtHxw5GRdwMnqhTCE2kSwfLQ53.jpg .. ~ 5s
 2026-05-04 17:16:03 /admin/consultants/2/profile-photo .. ~ 669.92ms
 2026-05-04 17:16:03 /admin/consultants .. ~ 70.54ms
 2026-05-04 17:16:34 /admin/consultants/2/profile-photo .. ~ 0.31ms
 2026-05-04 17:16:34 /admin/consultants .. ~ 0.23ms
 2026-05-04 17:16:35 /admin/consultants/2/profile-photo .. ~ 0.57ms
 2026-05-04 17:16:35 /admin/consultants .. ~ 0.44ms
 2026-05-04 17:16:41 /admin/consultants/2/profile-photo .. ~ 500.54ms
 2026-05-04 17:16:41 /admin/consultants .. ~ 0.29ms
 2026-05-04 17:16:41 /storage/profile-photos/2/D8CvVVW0ToVbbBf5hurPrcv5o8DCVu6oHuzkS5i0.jpg .. ~ 0.32ms
 2026-05-04 17:16:44 / .. ~ 1s
 2026-05-04 17:16:44 /akbulut-emlak-logo-cropped.png .. ~ 0.24ms
 2026-05-04 17:16:41 /storage/profile-photos/2/D8CvVVW0ToVbbBf5hurPrcv5o8DCVu6oHuzkS5i0.jpg .. ~ 3s
 2026-05-04 17:16:45 /favicon.svg .. ~ 0.57ms
 2026-05-04 17:16:45 /_boost/browser-logs .. ~ 0.28ms
 2026-05-04 17:16:45 /favicon.ico .. ~ 0.27ms
 2026-05-04 17:17:35 /admin/settings .. ~ 1s
 2026-05-04 17:17:36 /admin/consultants .. ~ 504.71ms
 2026-05-04 17:17:36 / .. ~ 1s
 2026-05-04 17:17:37 /akbulut-emlak-logo-cropped.png .. ~ 0.36ms
 2026-05-04 17:17:37 /storage/profile-photos/2/D8CvVVW0ToVbbBf5hurPrcv5o8DCVu6oHuzkS5i0.jpg .. ~ 2.20ms
 2026-05-04 17:17:37 /akbulut-emlak-logo-cropped.png .. ~ 0.25ms
 2026-05-04 17:17:38 /akbulut-emlak-logo-cropped.png .. ~ 0.34ms
 2026-05-04 17:17:38 /favicon.svg .. ~ 0.94ms
 2026-05-04 17:17:38 /favicon.ico .. ~ 0.26ms
 2026-05-04 17:17:38 /_boost/browser-logs .. ~ 0.38ms
 2026-05-04 17:17:39 /favicon.svg .. ~ 0.91ms
 2026-05-04 17:17:39 /favicon.ico .. ~ 0.31ms
 2026-05-04 17:17:37 /storage/profile-photos/2/D8CvVVW0ToVbbBf5hurPrcv5o8DCVu6oHuzkS5i0.jpg .. ~ 1s
 2026-05-04 17:17:39 /favicon.svg .. ~ 0.72ms
 2026-05-04 17:17:39 /favicon.ico .. ~ 0.46ms
 2026-05-04 17:17:39 /_boost/browser-logs .. ~ 0.36ms
 2026-05-04 17:17:39 /_boost/browser-logs .. ~ 0.21ms
 2026-05-04 17:18:22 /admin/consultants/5/profile-photo .. ~ 0.47ms
 2026-05-04 17:18:22 /admin/consultants .. ~ 0.40ms
 2026-05-04 17:18:23 /storage/profile-photos/5/bwjotA9iOkX0FUmYlJTOnoOhLVuaoUFYhAB7i0W5.jpg .. ~ 0.48ms
 2026-05-04 17:18:26 / .. ~ 7s
 2026-05-04 17:18:33 /_boost/browser-logs .. ~ 0.22ms
 2026-05-04 17:18:33 /admin/consultants .. ~ 503.31ms
 2026-05-04 17:18:33 /_boost/browser-logs .. ~ 503.99ms
 2026-05-04 17:18:33 /admin/settings .. ~ 2.21ms
 2026-05-04 17:18:33 / .. ~ 501.41ms
 2026-05-04 17:18:33 /_boost/browser-logs .. ~ 503.77ms
 2026-05-04 17:18:33 /admin/consultants/5/profile-photo .. ~ 508.53ms
 2026-05-04 17:18:34 /_boost/browser-logs .. ~ 508.36ms
 2026-05-04 17:18:23 /storage/profile-photos/2/D8CvVVW0ToVbbBf5hurPrcv5o8DCVu6oHuzkS5i0.jpg .. ~ 11s
 2026-05-04 17:18:34 /akbulut-emlak-logo-cropped.png .. ~ 509.15ms
 2026-05-04 17:18:34 /akbulut-emlak-logo-cropped.png .. ~ 0.44ms
 2026-05-04 17:18:34 /akbulut-emlak-logo-cropped.png .. ~ 0.53ms
 2026-05-04 17:18:34 /storage/profile-photos/5/bwjotA9iOkX0FUmYlJTOnoOhLVuaoUFYhAB7i0W5.jpg .. ~ 0.33ms
 2026-05-04 17:18:34 /storage/profile-photos/2/D8CvVVW0ToVbbBf5hurPrcv5o8DCVu6oHuzkS5i0.jpg .. ~ 0.47ms
 2026-05-04 17:18:35 /storage/profile-photos/5/bwjotA9iOkX0FUmYlJTOnoOhLVuaoUFYhAB7i0W5.jpg .. ~ 0.59ms
 2026-05-04 17:18:35 /favicon.svg .. ~ 1.21ms
 2026-05-04 17:18:36 /_boost/browser-logs .. ~ 1.24ms
 2026-05-04 17:18:36 /favicon.ico .. ~ 0.41ms
 2026-05-04 17:18:36 /favicon.svg .. ~ 0.39ms
 2026-05-04 17:18:36 /favicon.ico .. ~ 0.35ms
 2026-05-04 17:18:36 /favicon.svg .. ~ 0.22ms
 2026-05-04 17:18:36 /favicon.ico .. ~ 0.35ms
 2026-05-04 17:18:36 /_boost/browser-logs .. ~ 0.59ms
 2026-05-04 17:18:36 /_boost/browser-logs .. ~ 0.30ms
 2026-05-04 17:18:38 / .. ~ 515.26ms
 2026-05-04 17:18:38 /akbulut-emlak-logo-cropped.png .. ~ 524.10ms
 2026-05-04 17:18:39 /storage/profile-photos/2/D8CvVVW0ToVbbBf5hurPrcv5o8DCVu6oHuzkS5i0.jpg .. ~ 3.38ms
 2026-05-04 17:18:39 /storage/profile-photos/5/6tHQG6kvuD9rnfbxReNYhBfNQ7zAOqoq7d6pry0y.jpg .. ~ 10.44ms
 2026-05-04 17:18:40 /_boost/browser-logs .. ~ 0.83ms
 2026-05-04 17:18:40 /favicon.svg .. ~ 0.49ms
 2026-05-04 17:18:40 /favicon.ico .. ~ 0.22ms
 2026-05-04 17:18:39 .. ~ 1m 8s
 2026-05-04 17:20:04 /admin/consultants/4/profile-photo .. ~ 0.59ms
 2026-05-04 17:20:04 /admin/consultants .. ~ 0.35ms
 2026-05-04 17:20:05 /storage/profile-photos/4/JB3aC0LRdslTQuvP88nca4LsL4w5MdM2h8yYPWIg.jpg .. ~ 0.42ms
 2026-05-04 17:20:05 /storage/profile-photos/5/6tHQG6kvuD9rnfbxReNYhBfNQ7zAOqoq7d6pry0y.jpg .. ~ 1.75ms
 2026-05-04 17:20:07 / .. ~ 503.17ms
 2026-05-04 17:20:07 /akbulut-emlak-logo-cropped.png .. ~ 1s
 2026-05-04 17:20:05 /storage/profile-photos/2/D8CvVVW0ToVbbBf5hurPrcv5o8DCVu6oHuzkS5i0.jpg .. ~ 2s
 2026-05-04 17:20:07 /storage/profile-photos/5/6tHQG6kvuD9rnfbxReNYhBfNQ7zAOqoq7d6pry0y.jpg .. ~ 0.76ms
 2026-05-04 17:20:07 /storage/profile-photos/4/JB3aC0LRdslTQuvP88nca4LsL4w5MdM2h8yYPWIg.jpg .. ~ 3.25ms
 2026-05-04 17:20:08 /_boost/browser-logs .. ~ 0.60ms
 2026-05-04 17:20:08 /favicon.svg .. ~ 0.41ms
 2026-05-04 17:20:08 /favicon.ico .. ~ 0.34ms
 2026-05-04 17:20:34 / .. ~ 1s
 2026-05-04 17:20:35 /admin/consultants .. ~ 0.45ms
 2026-05-04 17:20:35 /admin/settings .. ~ 4.79ms
 2026-05-04 17:20:35 /akbulut-emlak-logo-cropped.png .. ~ 0.66ms
 2026-05-04 17:20:35 /akbulut-emlak-logo-cropped.png .. ~ 0.58ms
 2026-05-04 17:20:35 /akbulut-emlak-logo-cropped.png .. ~ 0.72ms
 2026-05-04 17:20:36 /storage/profile-photos/2/D8CvVVW0ToVbbBf5hurPrcv5o8DCVu6oHuzkS5i0.jpg .. ~ 0.23ms
 2026-05-04 17:20:36 /storage/profile-photos/5/6tHQG6kvuD9rnfbxReNYhBfNQ7zAOqoq7d6pry0y.jpg .. ~ 0.42ms
 2026-05-04 17:20:36 /storage/profile-photos/4/JB3aC0LRdslTQuvP88nca4LsL4w5MdM2h8yYPWIg.jpg .. ~ 0.45ms
 2026-05-04 17:20:36 /storage/profile-photos/2/D8CvVVW0ToVbbBf5hurPrcv5o8DCVu6oHuzkS5i0.jpg .. ~ 0.56ms
 2026-05-04 17:20:36 /storage/profile-photos/5/6tHQG6kvuD9rnfbxReNYhBfNQ7zAOqoq7d6pry0y.jpg .. ~ 0.30ms
 2026-05-04 17:20:36 /favicon.svg .. ~ 0.25ms
 2026-05-04 17:20:36 /favicon.ico .. ~ 0.34ms
 2026-05-04 17:20:36 /storage/profile-photos/4/JB3aC0LRdslTQuvP88nca4LsL4w5MdM2h8yYPWIg.jpg .. ~ 0.51ms
 2026-05-04 17:20:36 /favicon.svg .. ~ 0.40ms
 2026-05-04 17:20:36 /favicon.ico .. ~ 0.59ms
 2026-05-04 17:20:37 /favicon.svg .. ~ 0.47ms
 2026-05-04 17:20:37 /favicon.ico .. ~ 0.29ms
 2026-05-04 17:20:37 /_boost/browser-logs .. ~ 0.85ms
 2026-05-04 17:20:37 /_boost/browser-logs .. ~ 0.38ms
 2026-05-04 17:20:37 /_boost/browser-logs .. ~ 1.77ms
 2026-05-04 17:20:36 .. ~ 1m 2s
 2026-05-04 17:25:12 /listings .. ~ 506.24ms
 2026-05-04 17:25:12 /akbulut-emlak-logo-cropped.png .. ~ 509.13ms
 2026-05-04 17:25:13 /storage/property-images/9/2RkgCfXKm475ETm6IUmKbQJIe3UrdbhYypptK7Ts.jpg .. ~ 0.54ms
 2026-05-04 17:25:14 /_boost/browser-logs .. ~ 0.37ms
 2026-05-04 17:25:15 /admin/login .. ~ 0.98ms
 2026-05-04 17:25:16 /dashboard .. ~ 0.70ms
 2026-05-04 17:25:13 /storage/property-images/9/2RkgCfXKm475ETm6IUmKbQJIe3UrdbhYypptK7Ts.jpg .. ~ 2s
 2026-05-04 17:25:16 /akbulut-emlak-logo-cropped.png .. ~ 2.23ms
 2026-05-04 17:25:16 /_boost/browser-logs .. ~ 2.11ms
 2026-05-04 17:25:19 /admin/consultants .. ~ 0.92ms
 2026-05-04 17:25:20 /storage/profile-photos/2/D8CvVVW0ToVbbBf5hurPrcv5o8DCVu6oHuzkS5i0.jpg .. ~ 0.64ms
 2026-05-04 17:25:20 /storage/profile-photos/4/JB3aC0LRdslTQuvP88nca4LsL4w5MdM2h8yYPWIg.jpg .. ~ 0.44ms
 2026-05-04 17:25:20 /storage/profile-photos/5/6tHQG6kvuD9rnfbxReNYhBfNQ7zAOqoq7d6pry0y.jpg .. ~ 1.74ms
 2026-05-04 17:25:21 /admin/listings/create .. ~ 0.50ms
 2026-05-04 17:25:20 .. ~ 2m 15s
 2026-05-04 17:30:28 /admin/consultants .. ~ 506.96ms
 2026-05-04 17:30:28 /storage/profile-photos/2/D8CvVVW0ToVbbBf5hurPrcv5o8DCVu6oHuzkS5i0.jpg .. ~ 0.71ms
 2026-05-04 17:30:28 /storage/profile-photos/4/JB3aC0LRdslTQuvP88nca4LsL4w5MdM2h8yYPWIg.jpg .. ~ 2.15ms
 2026-05-04 17:30:28 /storage/profile-photos/5/6tHQG6kvuD9rnfbxReNYhBfNQ7zAOqoq7d6pry0y.jpg .. ~ 3.65ms
 2026-05-04 17:30:34 /admin/consultants .. ~ 1.06ms
 2026-05-04 17:30:34 /akbulut-emlak-logo-cropped.png .. ~ 2.99ms
 2026-05-04 17:30:29 /storage/profile-photos/2/D8CvVVW0ToVbbBf5hurPrcv5o8DCVu6oHuzkS5i0.jpg .. ~ 5s
 2026-05-04 17:30:34 /storage/profile-photos/4/JB3aC0LRdslTQuvP88nca4LsL4w5MdM2h8yYPWIg.jpg .. ~ 0.74ms
 2026-05-04 17:30:34 /storage/profile-photos/5/6tHQG6kvuD9rnfbxReNYhBfNQ7zAOqoq7d6pry0y.jpg .. ~ 2.06ms
 2026-05-04 17:30:34 /favicon.svg .. ~ 0.20ms
 2026-05-04 17:30:34 /_boost/browser-logs .. ~ 0.20ms
 2026-05-04 17:30:34 /favicon.ico .. ~ 0.38ms
 2026-05-04 17:30:35 /admin/consultants .. ~ 523.54ms
 2026-05-04 17:30:36 /akbulut-emlak-logo-cropped.png .. ~ 0.61ms
 2026-05-04 17:30:34 /storage/profile-photos/2/D8CvVVW0ToVbbBf5hurPrcv5o8DCVu6oHuzkS5i0.jpg .. ~ 1s
 2026-05-04 17:30:36 /admin/consultants .. ~ 514.36ms
 2026-05-04 17:30:37 /admin/listings/create .. ~ 555.34ms
 2026-05-04 17:30:37 /storage/profile-photos/4/JB3aC0LRdslTQuvP88nca4LsL4w5MdM2h8yYPWIg.jpg .. ~ 567.13ms
 2026-05-04 17:30:37 /storage/profile-photos/5/6tHQG6kvuD9rnfbxReNYhBfNQ7zAOqoq7d6pry0y.jpg .. ~ 10.50ms
 2026-05-04 17:30:37 /storage/profile-photos/2/D8CvVVW0ToVbbBf5hurPrcv5o8DCVu6oHuzkS5i0.jpg .. ~ 12.01ms
 2026-05-04 17:30:37 /akbulut-emlak-logo-cropped.png .. ~ 15.74ms
 2026-05-04 17:30:37 /favicon.svg .. ~ 2.67ms
 2026-05-04 17:30:38 /favicon.ico .. ~ 0.38ms
 2026-05-04 17:30:38 /_boost/browser-logs .. ~ 548.80ms
 2026-05-04 17:30:38 /akbulut-emlak-logo-cropped.png .. ~ 0.43ms
 2026-05-04 17:30:38 /admin/consultants .. ~ 542.73ms
 2026-05-04 17:30:38 /_boost/browser-logs .. ~ 550.08ms
 2026-05-04 17:30:38 /admin/consultants .. ~ 2.77ms
 2026-05-04 17:30:39 /_boost/browser-logs .. ~ 0.38ms
 2026-05-04 17:30:39 /favicon.svg .. ~ 1.28ms
 2026-05-04 17:30:39 /favicon.ico .. ~ 0.38ms
 2026-05-04 17:30:40 /admin/consultants .. ~ 534.55ms
 2026-05-04 17:30:40 /favicon.svg .. ~ 536.62ms
 2026-05-04 17:30:40 /favicon.svg .. ~ 0.44ms
 2026-05-04 17:30:40 /favicon.ico .. ~ 0.35ms
 2026-05-04 17:30:40 /favicon.ico .. ~ 0.34ms
 2026-05-04 17:30:40 /admin/consultants .. ~ 0.26ms
 2026-05-04 17:30:40 /admin/listings/create .. ~ 508.41ms
 2026-05-04 17:30:40 /favicon.svg .. ~ 0.21ms
 2026-05-04 17:30:40 /_boost/browser-logs .. ~ 0.61ms
 2026-05-04 17:30:40 /favicon.ico .. ~ 0.30ms
 2026-05-04 17:30:41 /_boost/browser-logs .. ~ 0.62ms
 2026-05-04 17:30:41 /_boost/browser-logs .. ~ 0.23ms
 2026-05-04 17:31:19 /admin/consultants .. ~ 1.72ms
 2026-05-04 17:31:19 /favicon.svg .. ~ 513.13ms
 2026-05-04 17:31:20 /favicon.ico .. ~ 0.37ms
 2026-05-04 17:31:20 /_boost/browser-logs .. ~ 0.33ms
 2026-05-04 17:32:07 /admin/consultants .. ~ 0.70ms
 2026-05-04 17:32:07 /favicon.svg .. ~ 0.25ms
 2026-05-04 17:32:07 /favicon.ico .. ~ 0.20ms
 2026-05-04 17:32:07 /_boost/browser-logs .. ~ 0.59ms
 2026-05-04 17:32:47 /admin/consultants .. ~ 0.71ms
 2026-05-04 17:32:48 /admin/listings/create .. ~ 509.95ms
 2026-05-04 17:32:48 /admin/consultants .. ~ 515.32ms
 2026-05-04 17:32:48 /admin/listings/create .. ~ 517.49ms
 2026-05-04 17:32:48 /admin/consultants .. ~ 2.02ms
 2026-05-04 17:32:50 /favicon.svg .. ~ 1.21ms
 2026-05-04 17:32:50 /favicon.svg .. ~ 0.28ms
 2026-05-04 17:32:50 /favicon.ico .. ~ 0.27ms
 2026-05-04 17:32:50 /favicon.ico .. ~ 0.31ms
 2026-05-04 17:32:50 /favicon.svg .. ~ 0.25ms
 2026-05-04 17:32:50 /favicon.ico .. ~ 0.21ms
 2026-05-04 17:32:50 /_boost/browser-logs .. ~ 0.51ms
 2026-05-04 17:32:50 /_boost/browser-logs .. ~ 0.30ms
 2026-05-04 17:32:50 /_boost/browser-logs .. ~ 1.47ms
 2026-05-04 17:34:18 /admin/consultants .. ~ 533.91ms
 2026-05-04 17:34:18 /favicon.svg .. ~ 537.19ms
 2026-05-04 17:34:19 /favicon.ico .. ~ 0.45ms
 2026-05-04 17:34:19 /_boost/browser-logs .. ~ 3.38ms
 2026-05-04 17:34:21 /admin/consultants .. ~ 1.92ms
 2026-05-04 17:34:21 /_boost/browser-logs .. ~ 504.30ms
 2026-05-04 17:34:22 /favicon.svg .. ~ 0.35ms
 2026-05-04 17:34:22 /favicon.ico .. ~ 0.32ms
 2026-05-04 17:34:28 /admin .. ~ 1.03ms
 2026-05-04 17:34:28 /_boost/browser-logs .. ~ 0.33ms
 2026-05-04 17:34:31 / .. ~ 0.78ms
 2026-05-04 17:34:32 /_boost/browser-logs .. ~ 0.55ms
 2026-05-04 17:34:39 / .. ~ 503.44ms
 2026-05-04 17:34:39 /favicon.svg .. ~ 506.10ms
 2026-05-04 17:34:40 /favicon.ico .. ~ 0.42ms
 2026-05-04 17:34:40 /_boost/browser-logs .. ~ 0.29ms
 2026-05-04 17:36:42 /admin/listings/create .. ~ 515.67ms
 2026-05-04 17:36:42 /favicon.svg .. ~ 518.28ms
 2026-05-04 17:36:42 /favicon.ico .. ~ 0.37ms
 2026-05-04 17:36:42 /_boost/browser-logs .. ~ 0.41ms
 2026-05-04 17:36:46 / .. ~ 1.10ms
 2026-05-04 17:36:46 /_boost/browser-logs .. ~ 1.46ms
 2026-05-04 17:36:50 / .. ~ 0.66ms
 2026-05-04 17:36:50 /favicon.svg .. ~ 508.63ms
 2026-05-04 17:36:51 /favicon.ico .. ~ 0.44ms
 2026-05-04 17:36:51 /_boost/browser-logs .. ~ 0.37ms
 2026-05-04 17:36:53 / .. ~ 0.55ms
 2026-05-04 17:36:53 /favicon.svg .. ~ 2.04ms
 2026-05-04 17:36:53 /favicon.ico .. ~ 0.20ms
 2026-05-04 17:36:53 /_boost/browser-logs .. ~ 0.54ms
 2026-05-04 17:37:04 / .. ~ 0.61ms
 2026-05-04 17:37:04 /favicon.svg .. ~ 0.21ms
 2026-05-04 17:37:04 /favicon.ico .. ~ 0.28ms
 2026-05-04 17:37:04 /_boost/browser-logs .. ~ 0.31ms
 2026-05-04 17:38:25 / .. ~ 558.49ms
 2026-05-04 17:38:25 /admin/consultants .. ~ 512.21ms
 2026-05-04 17:38:25 / .. ~ 0.50ms
 2026-05-04 17:38:25 /_boost/browser-logs .. ~ 0.43ms
 2026-05-04 17:38:25 /favicon.svg .. ~ 4.65ms
 2026-05-04 17:38:25 /favicon.ico .. ~ 0.38ms
 2026-05-04 17:38:26 /favicon.svg .. ~ 0.52ms
 2026-05-04 17:38:26 /favicon.ico .. ~ 501.27ms
 2026-05-04 17:38:26 /favicon.svg .. ~ 0.25ms
 2026-05-04 17:38:26 /favicon.ico .. ~ 0.25ms
 2026-05-04 17:38:26 / .. ~ 0.30ms
 2026-05-04 17:38:26 /admin/consultants .. ~ 0.31ms
 2026-05-04 17:38:26 / .. ~ 1.83ms
 2026-05-04 17:38:26 /admin/consultants .. ~ 513.16ms
 2026-05-04 17:38:26 / .. ~ 515.15ms
 2026-05-04 17:38:26 /_boost/browser-logs .. ~ 4.97ms
 2026-05-04 17:38:26 /_boost/browser-logs .. ~ 5.02ms
 2026-05-04 17:38:26 /_boost/browser-logs .. ~ 2.05ms
 2026-05-04 17:38:26 /_boost/browser-logs .. ~ 1.96ms
 2026-05-04 17:38:26 /_boost/browser-logs .. ~ 2.79ms
 2026-05-04 17:38:27 / .. ~ 4.88ms
 2026-05-04 17:38:27 /favicon.svg .. ~ 0.86ms
 2026-05-04 17:38:27 /favicon.ico .. ~ 0.82ms
 2026-05-04 17:38:27 / .. ~ 0.46ms
 2026-05-04 17:38:27 /_boost/browser-logs .. ~ 6.84ms
 2026-05-04 17:38:27 /_boost/browser-logs .. ~ 7.14ms
 2026-05-04 17:38:27 /favicon.svg .. ~ 3.95ms
 2026-05-04 17:38:27 /favicon.ico .. ~ 0.38ms
 2026-05-04 17:38:27 /favicon.svg .. ~ 0.35ms
 2026-05-04 17:38:27 /favicon.ico .. ~ 0.40ms
 2026-05-04 17:38:27 /_boost/browser-logs .. ~ 13.27ms
 2026-05-04 17:38:27 /admin/consultants .. ~ 0.40ms
 2026-05-04 17:38:27 /_boost/browser-logs .. ~ 508.11ms
 2026-05-04 17:38:27 /_boost/browser-logs .. ~ 0.27ms
 2026-05-04 17:38:27 /favicon.svg .. ~ 506.31ms
 2026-05-04 17:38:27 /favicon.ico .. ~ 0.61ms
 2026-05-04 17:38:28 /favicon.svg .. ~ 0.29ms
 2026-05-04 17:38:28 /favicon.ico .. ~ 0.44ms
 2026-05-04 17:38:28 / .. ~ 508.63ms
 2026-05-04 17:38:28 /_boost/browser-logs .. ~ 0.55ms
 2026-05-04 17:38:28 /admin/consultants .. ~ 507.82ms
 2026-05-04 17:38:28 / .. ~ 1s
 2026-05-04 17:38:29 /akbulut-emlak-logo-cropped.png .. ~ 515.25ms
 2026-05-04 17:38:29 /storage/profile-photos/5/6tHQG6kvuD9rnfbxReNYhBfNQ7zAOqoq7d6pry0y.jpg .. ~ 4.96ms
 2026-05-04 17:38:29 /storage/profile-photos/2/D8CvVVW0ToVbbBf5hurPrcv5o8DCVu6oHuzkS5i0.jpg .. ~ 7.41ms
 2026-05-04 17:38:29 /storage/profile-photos/4/JB3aC0LRdslTQuvP88nca4LsL4w5MdM2h8yYPWIg.jpg .. ~ 18.93ms
 2026-05-04 17:38:29 /storage/profile-photos/2/D8CvVVW0ToVbbBf5hurPrcv5o8DCVu6oHuzkS5i0.jpg .. ~ 24.38ms
 2026-05-04 17:38:29 /akbulut-emlak-logo-cropped.png .. ~ 4.01ms
 2026-05-04 17:38:29 /akbulut-emlak-logo-cropped.png .. ~ 0.41ms
 2026-05-04 17:38:29 /_boost/browser-logs .. ~ 0.49ms
 2026-05-04 17:38:29 /favicon.svg .. ~ 0.84ms
 2026-05-04 17:38:29 /favicon.ico .. ~ 2.10ms
 2026-05-04 17:38:30 /storage/profile-photos/4/JB3aC0LRdslTQuvP88nca4LsL4w5MdM2h8yYPWIg.jpg .. ~ 0.67ms
 2026-05-04 17:38:30 /storage/profile-photos/5/6tHQG6kvuD9rnfbxReNYhBfNQ7zAOqoq7d6pry0y.jpg .. ~ 0.40ms
 2026-05-04 17:38:30 /favicon.svg .. ~ 0.29ms
 2026-05-04 17:38:30 /favicon.ico .. ~ 0.32ms
 2026-05-04 17:38:30 /storage/profile-photos/2/D8CvVVW0ToVbbBf5hurPrcv5o8DCVu6oHuzkS5i0.jpg .. ~ 0.29ms
 2026-05-04 17:38:30 /storage/profile-photos/5/6tHQG6kvuD9rnfbxReNYhBfNQ7zAOqoq7d6pry0y.jpg .. ~ 0.30ms
 2026-05-04 17:38:30 /storage/profile-photos/4/JB3aC0LRdslTQuvP88nca4LsL4w5MdM2h8yYPWIg.jpg .. ~ 1.39ms
 2026-05-04 17:38:30 /favicon.svg .. ~ 0.22ms
 2026-05-04 17:38:30 /favicon.ico .. ~ 0.42ms
 2026-05-04 17:38:30 /_boost/browser-logs .. ~ 0.41ms
 2026-05-04 17:38:30 /_boost/browser-logs .. ~ 0.23ms
 2026-05-04 17:38:33 / .. ~ 514.06ms
 2026-05-04 17:38:34 /akbulut-emlak-logo-cropped.png .. ~ 0.26ms
 2026-05-04 17:38:34 /admin/consultants .. ~ 0.51ms
 2026-05-04 17:38:34 / .. ~ 512.50ms
 2026-05-04 17:38:30 /storage/profile-photos/2/D8CvVVW0ToVbbBf5hurPrcv5o8DCVu6oHuzkS5i0.jpg .. ~ 5s
 2026-05-04 17:38:34 /storage/profile-photos/5/6tHQG6kvuD9rnfbxReNYhBfNQ7zAOqoq7d6pry0y.jpg .. ~ 522.25ms
 2026-05-04 17:38:35 /storage/profile-photos/4/JB3aC0LRdslTQuvP88nca4LsL4w5MdM2h8yYPWIg.jpg .. ~ 9.99ms
 2026-05-04 17:38:35 /akbulut-emlak-logo-cropped.png .. ~ 12.04ms
 2026-05-04 17:38:35 /_boost/browser-logs .. ~ 1.15ms
 2026-05-04 17:38:35 /favicon.svg .. ~ 0.61ms
 2026-05-04 17:38:35 /storage/profile-photos/2/D8CvVVW0ToVbbBf5hurPrcv5o8DCVu6oHuzkS5i0.jpg .. ~ 0.35ms
 2026-05-04 17:38:35 /favicon.ico .. ~ 0.64ms
 2026-05-04 17:38:35 / .. ~ 509.99ms
 2026-05-04 17:38:35 /_boost/browser-logs .. ~ 515.75ms
 2026-05-04 17:38:36 /_boost/browser-logs .. ~ 1.44ms
 2026-05-04 17:38:36 /akbulut-emlak-logo-cropped.png .. ~ 7.92ms
 2026-05-04 17:38:36 /storage/profile-photos/4/JB3aC0LRdslTQuvP88nca4LsL4w5MdM2h8yYPWIg.jpg .. ~ 0.44ms
 2026-05-04 17:38:36 /storage/profile-photos/5/6tHQG6kvuD9rnfbxReNYhBfNQ7zAOqoq7d6pry0y.jpg .. ~ 0.52ms
 2026-05-04 17:38:36 /favicon.svg .. ~ 0.41ms
 2026-05-04 17:38:36 /favicon.ico .. ~ 0.45ms
 2026-05-04 17:38:36 /admin/consultants .. ~ 1s
 2026-05-04 17:38:37 /_boost/browser-logs .. ~ 0.28ms
 2026-05-04 17:38:37 / .. ~ 508.74ms
 2026-05-04 17:38:37 /storage/profile-photos/2/D8CvVVW0ToVbbBf5hurPrcv5o8DCVu6oHuzkS5i0.jpg .. ~ 513.06ms
 2026-05-04 17:38:37 /storage/profile-photos/5/6tHQG6kvuD9rnfbxReNYhBfNQ7zAOqoq7d6pry0y.jpg .. ~ 514.42ms
 2026-05-04 17:38:37 /storage/profile-photos/4/JB3aC0LRdslTQuvP88nca4LsL4w5MdM2h8yYPWIg.jpg .. ~ 5.12ms
 2026-05-04 17:38:37 /_boost/browser-logs .. ~ 2.87ms
 2026-05-04 17:38:37 /favicon.svg .. ~ 9.67ms
 2026-05-04 17:38:37 /akbulut-emlak-logo-cropped.png .. ~ 8.74ms
 2026-05-04 17:38:37 /storage/profile-photos/2/D8CvVVW0ToVbbBf5hurPrcv5o8DCVu6oHuzkS5i0.jpg .. ~ 13.66ms
 2026-05-04 17:38:37 /akbulut-emlak-logo-cropped.png .. ~ 0.39ms
 2026-05-04 17:38:37 /akbulut-emlak-logo-cropped.png .. ~ 0.45ms
 2026-05-04 17:38:37 /favicon.ico .. ~ 2.09ms
 2026-05-04 17:38:38 /storage/profile-photos/5/6tHQG6kvuD9rnfbxReNYhBfNQ7zAOqoq7d6pry0y.jpg .. ~ 0.28ms
 2026-05-04 17:38:38 /storage/profile-photos/4/JB3aC0LRdslTQuvP88nca4LsL4w5MdM2h8yYPWIg.jpg .. ~ 1.42ms
 2026-05-04 17:38:38 /storage/profile-photos/2/D8CvVVW0ToVbbBf5hurPrcv5o8DCVu6oHuzkS5i0.jpg .. ~ 0.63ms
 2026-05-04 17:38:38 /storage/profile-photos/5/6tHQG6kvuD9rnfbxReNYhBfNQ7zAOqoq7d6pry0y.jpg .. ~ 0.44ms
 2026-05-04 17:38:38 /storage/profile-photos/4/JB3aC0LRdslTQuvP88nca4LsL4w5MdM2h8yYPWIg.jpg .. ~ 2.03ms
 2026-05-04 17:38:38 /favicon.svg .. ~ 0.52ms
 2026-05-04 17:38:38 /favicon.ico .. ~ 0.41ms
 2026-05-04 17:38:38 /storage/profile-photos/2/D8CvVVW0ToVbbBf5hurPrcv5o8DCVu6oHuzkS5i0.jpg .. ~ 0.59ms
 2026-05-04 17:38:38 /_boost/browser-logs .. ~ 0.33ms
 2026-05-04 17:38:38 /_boost/browser-logs .. ~ 0.40ms
 2026-05-04 17:38:38 /storage/profile-photos/5/6tHQG6kvuD9rnfbxReNYhBfNQ7zAOqoq7d6pry0y.jpg .. ~ 0.96ms
 2026-05-04 17:38:38 /storage/profile-photos/4/JB3aC0LRdslTQuvP88nca4LsL4w5MdM2h8yYPWIg.jpg .. ~ 0.39ms
 2026-05-04 17:38:38 /favicon.svg .. ~ 0.32ms
 2026-05-04 17:38:38 /favicon.ico .. ~ 0.29ms
 2026-05-04 17:38:45 /_boost/browser-logs .. ~ 0.65ms
 2026-05-04 17:38:47 /_boost/browser-logs .. ~ 0.71ms
 2026-05-04 17:39:01 / .. ~ 502.97ms
 2026-05-04 17:39:01 /favicon.svg .. ~ 504.85ms
 2026-05-04 17:39:02 /akbulut-emlak-logo-cropped.png .. ~ 0.33ms
 2026-05-04 17:39:02 /favicon.ico .. ~ 0.26ms
 2026-05-04 17:39:02 /_boost/browser-logs .. ~ 0.19ms
 2026-05-04 17:39:02 / .. ~ 1.72ms
 2026-05-04 17:39:02 /favicon.svg .. ~ 0.41ms
 2026-05-04 17:39:03 /akbulut-emlak-logo-cropped.png .. ~ 516.65ms
 2026-05-04 17:39:03 /favicon.ico .. ~ 0.39ms
 2026-05-04 17:39:03 /_boost/browser-logs .. ~ 0.56ms
 2026-05-04 17:39:03 / .. ~ 1.84ms
 2026-05-04 17:39:03 /akbulut-emlak-logo-cropped.png .. ~ 512.45ms
 2026-05-04 17:39:03 /favicon.svg .. ~ 0.33ms
 2026-05-04 17:39:03 /favicon.ico .. ~ 0.36ms
 2026-05-04 17:39:03 /_boost/browser-logs .. ~ 0.43ms
 2026-05-04 17:39:03 / .. ~ 0.85ms
 2026-05-04 17:39:04 / .. ~ 507.78ms
 2026-05-04 17:39:04 /_boost/browser-logs .. ~ 0.43ms
 2026-05-04 17:39:04 /_boost/browser-logs .. ~ 0.42ms
 2026-05-04 17:39:04 /favicon.svg .. ~ 4.94ms
 2026-05-04 17:39:04 /akbulut-emlak-logo-cropped.png .. ~ 4.01ms
 2026-05-04 17:39:04 /favicon.svg .. ~ 0.89ms
 2026-05-04 17:39:04 /akbulut-emlak-logo-cropped.png .. ~ 1.58ms
 2026-05-04 17:39:04 /favicon.ico .. ~ 0.27ms
 2026-05-04 17:39:04 /_boost/browser-logs .. ~ 0.34ms
 2026-05-04 17:39:06 / .. ~ 1.24ms
 2026-05-04 17:39:06 /akbulut-emlak-logo-cropped.png .. ~ 513.08ms
 2026-05-04 17:39:07 /_boost/browser-logs .. ~ 0.39ms
 2026-05-04 17:39:07 /favicon.svg .. ~ 0.43ms
 2026-05-04 17:39:07 /favicon.ico .. ~ 0.36ms
 2026-05-04 17:39:12 /_boost/browser-logs .. ~ 0.47ms
 2026-05-04 17:39:25 /admin/consultants .. ~ 503.54ms
 2026-05-04 17:39:25 / .. ~ 1s
 2026-05-04 17:39:26 /akbulut-emlak-logo-cropped.png .. ~ 0.42ms
 2026-05-04 17:39:26 /storage/profile-photos/2/D8CvVVW0ToVbbBf5hurPrcv5o8DCVu6oHuzkS5i0.jpg .. ~ 1.70ms
 2026-05-04 17:39:26 /storage/profile-photos/5/6tHQG6kvuD9rnfbxReNYhBfNQ7zAOqoq7d6pry0y.jpg .. ~ 2.80ms
 2026-05-04 17:39:26 /storage/profile-photos/4/JB3aC0LRdslTQuvP88nca4LsL4w5MdM2h8yYPWIg.jpg .. ~ 3.98ms
 2026-05-04 17:39:26 / .. ~ 504.47ms
 2026-05-04 17:39:26 /_boost/browser-logs .. ~ 0.35ms
 2026-05-04 17:39:26 /storage/profile-photos/2/D8CvVVW0ToVbbBf5hurPrcv5o8DCVu6oHuzkS5i0.jpg .. ~ 516.01ms
 2026-05-04 17:39:26 /akbulut-emlak-logo-cropped.png .. ~ 6.70ms
 2026-05-04 17:39:26 /storage/profile-photos/5/6tHQG6kvuD9rnfbxReNYhBfNQ7zAOqoq7d6pry0y.jpg .. ~ 8.53ms
 2026-05-04 17:39:27 /storage/profile-photos/4/JB3aC0LRdslTQuvP88nca4LsL4w5MdM2h8yYPWIg.jpg .. ~ 5.99ms
 2026-05-04 17:39:27 /akbulut-emlak-logo-cropped.png .. ~ 0.42ms
 2026-05-04 17:39:27 /favicon.svg .. ~ 0.38ms
 2026-05-04 17:39:27 /favicon.ico .. ~ 0.47ms
 2026-05-04 17:39:27 /admin .. ~ 2.14ms
 2026-05-04 17:39:27 /storage/property-images/9/2RkgCfXKm475ETm6IUmKbQJIe3UrdbhYypptK7Ts.jpg .. ~ 3.26ms
 2026-05-04 17:39:27 /_boost/browser-logs .. ~ 0.35ms
 2026-05-04 17:39:27 /_boost/browser-logs .. ~ 0.43ms
 2026-05-04 17:39:27 /storage/profile-photos/2/D8CvVVW0ToVbbBf5hurPrcv5o8DCVu6oHuzkS5i0.jpg .. ~ 0.44ms
 2026-05-04 17:39:27 /storage/profile-photos/5/6tHQG6kvuD9rnfbxReNYhBfNQ7zAOqoq7d6pry0y.jpg .. ~ 0.60ms
 2026-05-04 17:39:27 /storage/profile-photos/4/JB3aC0LRdslTQuvP88nca4LsL4w5MdM2h8yYPWIg.jpg .. ~ 2.64ms
 2026-05-04 17:39:27 /storage/profile-photos/2/D8CvVVW0ToVbbBf5hurPrcv5o8DCVu6oHuzkS5i0.jpg .. ~ 0.48ms
 2026-05-04 17:39:27 /favicon.svg .. ~ 0.48ms
 2026-05-04 17:39:27 /favicon.ico .. ~ 0.38ms
 2026-05-04 17:39:28 /storage/profile-photos/5/6tHQG6kvuD9rnfbxReNYhBfNQ7zAOqoq7d6pry0y.jpg .. ~ 0.35ms
 2026-05-04 17:39:28 /storage/profile-photos/4/JB3aC0LRdslTQuvP88nca4LsL4w5MdM2h8yYPWIg.jpg .. ~ 0.44ms
 2026-05-04 17:39:28 /favicon.svg .. ~ 0.42ms
 2026-05-04 17:39:28 /favicon.ico .. ~ 0.46ms
 2026-05-04 17:39:39 /admin .. ~ 530.34ms
 2026-05-04 17:39:39 /akbulut-emlak-logo-cropped.png .. ~ 70.14ms
 2026-05-04 17:39:28 /storage/property-images/9/2RkgCfXKm475ETm6IUmKbQJIe3UrdbhYypptK7Ts.jpg .. ~ 12s
 2026-05-04 17:39:41 /favicon.svg .. ~ 0.54ms
 2026-05-04 17:39:41 /favicon.ico .. ~ 0.38ms
 2026-05-04 17:39:41 /_boost/browser-logs .. ~ 0.30ms
 2026-05-04 17:39:54 / .. ~ 538.63ms
 2026-05-04 17:39:54 /akbulut-emlak-logo-cropped.png .. ~ 570.75ms
 2026-05-04 17:39:55 /storage/profile-photos/2/D8CvVVW0ToVbbBf5hurPrcv5o8DCVu6oHuzkS5i0.jpg .. ~ 0.33ms
 2026-05-04 17:39:55 /storage/profile-photos/5/6tHQG6kvuD9rnfbxReNYhBfNQ7zAOqoq7d6pry0y.jpg .. ~ 1.77ms
 2026-05-04 17:39:55 /storage/profile-photos/4/JB3aC0LRdslTQuvP88nca4LsL4w5MdM2h8yYPWIg.jpg .. ~ 3.00ms
 2026-05-04 17:39:55 /_boost/browser-logs .. ~ 509.75ms
 2026-05-04 17:39:55 /favicon.svg .. ~ 0.36ms
 2026-05-04 17:39:55 /favicon.ico .. ~ 0.25ms
 2026-05-04 17:39:58 / .. ~ 630.77ms
 2026-05-04 17:39:58 /akbulut-emlak-logo-cropped.png .. ~ 1s
 2026-05-04 17:39:56 /storage/profile-photos/2/D8CvVVW0ToVbbBf5hurPrcv5o8DCVu6oHuzkS5i0.jpg .. ~ 3s
 2026-05-04 17:39:59 /storage/profile-photos/5/6tHQG6kvuD9rnfbxReNYhBfNQ7zAOqoq7d6pry0y.jpg .. ~ 146.71ms
 2026-05-04 17:39:59 /storage/profile-photos/4/JB3aC0LRdslTQuvP88nca4LsL4w5MdM2h8yYPWIg.jpg .. ~ 475.92ms
 2026-05-04 17:39:59 /_boost/browser-logs .. ~ 33.18ms
 2026-05-04 17:39:59 /favicon.svg .. ~ 0.36ms
 2026-05-04 17:39:59 /favicon.ico .. ~ 0.30ms
 2026-05-04 17:40:05 / .. ~ 534.79ms
 2026-05-04 17:40:06 /admin .. ~ 764.92ms
 2026-05-04 17:40:06 / .. ~ 573.50ms
 2026-05-04 17:40:06 /akbulut-emlak-logo-cropped.png .. ~ 789.51ms
 2026-05-04 17:40:07 /storage/profile-photos/2/D8CvVVW0ToVbbBf5hurPrcv5o8DCVu6oHuzkS5i0.jpg .. ~ 0.44ms
 2026-05-04 17:40:07 /storage/profile-photos/5/6tHQG6kvuD9rnfbxReNYhBfNQ7zAOqoq7d6pry0y.jpg .. ~ 2.11ms
 2026-05-04 17:40:07 /storage/profile-photos/4/JB3aC0LRdslTQuvP88nca4LsL4w5MdM2h8yYPWIg.jpg .. ~ 144.23ms
 2026-05-04 17:40:07 /storage/property-images/9/2RkgCfXKm475ETm6IUmKbQJIe3UrdbhYypptK7Ts.jpg .. ~ 506.45ms
 2026-05-04 17:40:09 /akbulut-emlak-logo-cropped.png .. ~ 1.60ms
 2026-05-04 17:40:09 /akbulut-emlak-logo-cropped.png .. ~ 0.37ms
 2026-05-04 17:40:10 /favicon.svg .. ~ 51.49ms
 2026-05-04 17:40:10 /favicon.svg .. ~ 35.92ms
 2026-05-04 17:40:10 /favicon.ico .. ~ 34.99ms
 2026-05-04 17:40:10 /_boost/browser-logs .. ~ 0.36ms
 2026-05-04 17:40:10 /favicon.ico .. ~ 2.23ms
 2026-05-04 17:40:10 /_boost/browser-logs .. ~ 685.06ms
 2026-05-04 17:40:10 /_boost/browser-logs .. ~ 36.47ms
 2026-05-04 17:40:10 /storage/profile-photos/2/D8CvVVW0ToVbbBf5hurPrcv5o8DCVu6oHuzkS5i0.jpg .. ~ 0.70ms
 2026-05-04 17:40:10 /storage/profile-photos/5/6tHQG6kvuD9rnfbxReNYhBfNQ7zAOqoq7d6pry0y.jpg .. ~ 294.40ms
 2026-05-04 17:40:10 /storage/profile-photos/4/JB3aC0LRdslTQuvP88nca4LsL4w5MdM2h8yYPWIg.jpg .. ~ 296.36ms
 2026-05-04 17:40:11 /favicon.svg .. ~ 0.62ms
 2026-05-04 17:40:11 /favicon.ico .. ~ 0.28ms
 2026-05-04 17:40:24 /admin/settings .. ~ 5.81ms
 2026-05-04 17:40:57 / .. ~ 1s
 2026-05-04 17:40:57 /akbulut-emlak-logo-cropped.png .. ~ 1s
 2026-05-04 17:40:58 /storage/profile-photos/2/D8CvVVW0ToVbbBf5hurPrcv5o8DCVu6oHuzkS5i0.jpg .. ~ 0.81ms
 2026-05-04 17:40:58 /storage/profile-photos/5/6tHQG6kvuD9rnfbxReNYhBfNQ7zAOqoq7d6pry0y.jpg .. ~ 1.84ms
 2026-05-04 17:40:58 /storage/profile-photos/4/JB3aC0LRdslTQuvP88nca4LsL4w5MdM2h8yYPWIg.jpg .. ~ 2.81ms
 2026-05-04 17:41:00 /_boost/browser-logs .. ~ 2.50ms
 2026-05-04 17:41:28 /listings .. ~ 502.89ms
 2026-05-04 17:41:28 /akbulut-emlak-logo-cropped.png .. ~ 1s
 2026-05-04 17:40:59 /storage/property-images/9/2RkgCfXKm475ETm6IUmKbQJIe3UrdbhYypptK7Ts.jpg .. ~ 30s
 2026-05-04 17:41:30 /_boost/browser-logs .. ~ 2.72ms
 2026-05-04 17:41:42 /listings/izmit-merkezde-premium-aile-dairesi .. ~ 508.97ms
 2026-05-04 17:41:42 /akbulut-emlak-logo-cropped.png .. ~ 510.34ms
 2026-05-04 17:41:42 /storage/profile-photos/2/D8CvVVW0ToVbbBf5hurPrcv5o8DCVu6oHuzkS5i0.jpg .. ~ 0.43ms
 2026-05-04 17:41:42 /_boost/browser-logs .. ~ 0.23ms
 2026-05-04 17:41:55 / .. ~ 510.46ms
 2026-05-04 17:41:55 /akbulut-emlak-logo-cropped.png .. ~ 0.28ms
 2026-05-04 17:41:43 /storage/profile-photos/2/D8CvVVW0ToVbbBf5hurPrcv5o8DCVu6oHuzkS5i0.jpg .. ~ 12s
 2026-05-04 17:41:56 /storage/profile-photos/5/6tHQG6kvuD9rnfbxReNYhBfNQ7zAOqoq7d6pry0y.jpg .. ~ 0.90ms
 2026-05-04 17:41:56 /storage/profile-photos/4/JB3aC0LRdslTQuvP88nca4LsL4w5MdM2h8yYPWIg.jpg .. ~ 2.26ms
 2026-05-04 17:41:56 /_boost/browser-logs .. ~ 505.02ms
 2026-05-04 17:41:59 /about .. ~ 501.55ms
 2026-05-04 17:42:00 /akbulut-emlak-logo-cropped.png .. ~ 0.32ms
 2026-05-04 17:42:00 /_boost/browser-logs .. ~ 0.32ms
 2026-05-04 17:42:07 /contact .. ~ 501.46ms
 2026-05-04 17:42:07 /akbulut-emlak-logo-cropped.png .. ~ 0.27ms
 2026-05-04 17:42:07 /_boost/browser-logs .. ~ 0.55ms
 2026-05-04 17:42:13 / .. ~ 503.89ms
 2026-05-04 17:42:13 /akbulut-emlak-logo-cropped.png .. ~ 1.53ms
 2026-05-04 17:42:14 /storage/profile-photos/2/D8CvVVW0ToVbbBf5hurPrcv5o8DCVu6oHuzkS5i0.jpg .. ~ 1.05ms
 2026-05-04 17:42:14 /storage/profile-photos/5/6tHQG6kvuD9rnfbxReNYhBfNQ7zAOqoq7d6pry0y.jpg .. ~ 2.94ms
 2026-05-04 17:42:14 /storage/profile-photos/4/JB3aC0LRdslTQuvP88nca4LsL4w5MdM2h8yYPWIg.jpg .. ~ 4.73ms
 2026-05-04 17:42:14 /_boost/browser-logs .. ~ 0.58ms
 2026-05-04 17:42:18 /danisman/eser-celik .. ~ 5.15ms
 2026-05-04 17:42:18 /akbulut-emlak-logo-cropped.png .. ~ 0.41ms
 2026-05-04 17:42:14 /storage/profile-photos/2/D8CvVVW0ToVbbBf5hurPrcv5o8DCVu6oHuzkS5i0.jpg .. ~ 4s
 2026-05-04 17:42:19 /storage/property-images/9/2RkgCfXKm475ETm6IUmKbQJIe3UrdbhYypptK7Ts.jpg .. ~ 0.80ms
 2026-05-04 17:42:19 /_boost/browser-logs .. ~ 0.33ms
 2026-05-04 17:42:26 /admin/login .. ~ 504.00ms
 2026-05-04 17:42:26 /akbulut-emlak-logo-cropped.png .. ~ 0.39ms
 2026-05-04 17:42:27 /_boost/browser-logs .. ~ 0.45ms
 2026-05-04 17:42:51 /login .. ~ 504.49ms
 2026-05-04 17:42:52 /admin/login .. ~ 8.77ms
 2026-05-04 17:43:01 /login .. ~ 506.40ms
 2026-05-04 17:43:02 /dashboard .. ~ 511.72ms
 2026-05-04 17:42:19 /storage/property-images/9/2RkgCfXKm475ETm6IUmKbQJIe3UrdbhYypptK7Ts.jpg .. ~ 43s
 2026-05-04 17:43:12 /admin/listings .. ~ 0.60ms
 2026-05-04 17:43:20 /admin/listings/create .. ~ 0.45ms
 2026-05-04 17:43:26 /admin/consultants .. ~ 0.61ms
 2026-05-04 17:43:27 /storage/profile-photos/2/D8CvVVW0ToVbbBf5hurPrcv5o8DCVu6oHuzkS5i0.jpg .. ~ 3.80ms
 2026-05-04 17:43:27 /storage/profile-photos/4/JB3aC0LRdslTQuvP88nca4LsL4w5MdM2h8yYPWIg.jpg .. ~ 4.87ms
 2026-05-04 17:43:27 /storage/profile-photos/5/6tHQG6kvuD9rnfbxReNYhBfNQ7zAOqoq7d6pry0y.jpg .. ~ 5.85ms
 2026-05-04 17:43:30 /admin/consultants/1/edit .. ~ 0.55ms
 2026-05-04 17:43:27 .. ~ 8s
 2026-05-04 17:40:11 .. ~ 3m 23s
 2026-05-04 17:43:37 /admin/listings/create .. ~ 0.84ms
 2026-05-04 17:43:38 /admin/consultants .. ~ 0.53ms
 2026-05-04 17:43:38 /storage/profile-photos/2/D8CvVVW0ToVbbBf5hurPrcv5o8DCVu6oHuzkS5i0.jpg .. ~ 0.68ms
 2026-05-04 17:43:38 /storage/profile-photos/4/JB3aC0LRdslTQuvP88nca4LsL4w5MdM2h8yYPWIg.jpg .. ~ 1.74ms
 2026-05-04 17:43:38 /storage/profile-photos/5/6tHQG6kvuD9rnfbxReNYhBfNQ7zAOqoq7d6pry0y.jpg .. ~ 2.81ms
 2026-05-04 17:43:44 /admin/messages .. ~ 1.83ms
 2026-05-04 17:43:50 /admin/settings .. ~ 0.60ms
 2026-05-04 17:43:38 .. ~ 1m 26s
